// Jest Snapshot v1, https://goo.gl/fbAQLP

exports[`Timeline render Timeline to snapshot 1`] = `
<div
  className="timeline-container flex h-full overflow-auto"
  id="scrollableDiv"
>
  <div
    className="timeline relative pt-10 mx-auto gap-4 columns-1 md:columns-2"
  >
    <div
      className="break-inside-avoid-column"
    >
      <div
        className="ant-card ant-card-bordered w-80 break-inside-avoid-column mb-4 css-dev-only-do-not-override-diro6f"
      >
        <div
          className="ant-card-cover"
        >
          <img
            alt="timeline-user-bg"
            className="bg-slate-500 !hidden md:!block"
            src="logo.svg"
          />
        </div>
        <div
          className="ant-card-body"
          style={Object {}}
        >
          <div
            className="absolute top-2 right-2 cursor-pointer select-none"
            onClick={[Function]}
          >
            <button
              aria-checked={false}
              className="ant-switch css-dev-only-do-not-override-diro6f"
              onClick={[Function]}
              onKeyDown={[Function]}
              role="switch"
              type="button"
            >
              <div
                className="ant-switch-handle"
              />
              <span
                className="ant-switch-inner"
              >
                <span
                  className="ant-switch-inner-checked"
                />
                <span
                  className="ant-switch-inner-unchecked"
                />
              </span>
            </button>
          </div>
          <div
            className="ant-card-meta"
          >
            <div
              className="ant-card-meta-avatar"
            >
              <span
                className="ant-avatar ant-avatar-lg ant-avatar-circle ant-avatar-icon bg-slate-500 css-dev-only-do-not-override-diro6f"
                style={Object {}}
              >
                <span
                  aria-label="user"
                  className="anticon anticon-user"
                  role="img"
                >
                  <svg
                    aria-hidden="true"
                    data-icon="user"
                    fill="currentColor"
                    focusable="false"
                    height="1em"
                    viewBox="64 64 896 896"
                    width="1em"
                  >
                    <path
                      d="M858.5 763.6a374 374 0 00-80.6-119.5 375.63 375.63 0 00-119.5-80.6c-.4-.2-.8-.3-1.2-.5C719.5 518 760 444.7 760 362c0-137-111-248-248-248S264 225 264 362c0 82.7 40.5 156 102.8 201.1-.4.2-.8.3-1.2.5-44.8 18.9-85 46-119.5 80.6a375.63 375.63 0 00-80.6 119.5A371.7 371.7 0 00136 901.8a8 8 0 008 8.2h60c4.4 0 7.9-3.5 8-7.8 2-77.2 33-149.5 87.8-204.3 56.7-56.7 132-87.9 212.2-87.9s155.5 31.2 212.2 87.9C779 752.7 810 825 812 902.2c.1 4.4 3.6 7.8 8 7.8h60a8 8 0 008-8.2c-1-47.8-10.9-94.3-29.5-138.2zM512 534c-45.9 0-89.1-17.9-121.6-50.4S340 407.9 340 362c0-45.9 17.9-89.1 50.4-121.6S466.1 190 512 190s89.1 17.9 121.6 50.4S684 316.1 684 362c0 45.9-17.9 89.1-50.4 121.6S557.9 534 512 534z"
                    />
                  </svg>
                </span>
              </span>
            </div>
            <div
              className="ant-card-meta-detail"
            >
              <div
                className="ant-card-meta-title"
              >
                <div
                  className="text-2xl font-bold leading-none"
                >
                  Test
                </div>
                <div
                  className="text-xs font-medium text-slate-500"
                >
                  @
                  testUser
                </div>
              </div>
            </div>
          </div>
        </div>
        <ul
          className="ant-card-actions"
        >
          <li
            style={
              Object {
                "width": "100%",
              }
            }
          >
            <span>
              <span
                className="hover:text-red-600 select-none inline-block w-full"
                onClick={[Function]}
              >
                Logout
              </span>
            </span>
          </li>
        </ul>
      </div>
      <div
        className="ant-card ant-card-bordered w-80 break-inside-avoid-column mb-4 css-dev-only-do-not-override-diro6f"
      >
        <div
          className="ant-card-body"
          style={Object {}}
        >
          <div
            className="ant-space css-dev-only-do-not-override-diro6f ant-space-vertical w-full"
            style={Object {}}
          >
            <div
              className="ant-space-item"
              style={
                Object {
                  "marginBottom": 16,
                }
              }
            >
              <textarea
                className="ant-input max-h-32 css-dev-only-do-not-override-diro6f"
                disabled={false}
                onChange={[Function]}
                onCompositionEnd={[Function]}
                onCompositionStart={[Function]}
                onKeyDown={[Function]}
                placeholder="What's happening?"
                rows={3}
                style={
                  Object {
                    "resize": undefined,
                  }
                }
                value=""
              />
            </div>
            <div
              className="ant-space-item"
              style={Object {}}
            >
              <button
                className="ant-btn css-dev-only-do-not-override-diro6f ant-btn-primary float-right"
                disabled={true}
                onClick={[Function]}
                type="button"
              >
                <span>
                  Tweet
                </span>
              </button>
            </div>
          </div>
        </div>
      </div>
    </div>
    <div
      className="ant-card ant-card-bordered w-80 overflow-auto break-inside-avoid-column mb-10 css-dev-only-do-not-override-diro6f"
    >
      <div
        className="ant-card-body"
        style={Object {}}
      >
        <div
          className="infinite-scroll-component__outerdiv"
          style={Object {}}
        >
          <div
            className="infinite-scroll-component "
            style={
              Object {
                "WebkitOverflowScrolling": "touch",
                "height": "auto",
                "overflow": "auto",
              }
            }
          >
            <div
              className="ant-divider css-dev-only-do-not-override-diro6f ant-divider-horizontal ant-divider-with-text ant-divider-with-text-center ant-divider-plain select-none"
              role="separator"
            >
              <span
                className="ant-divider-inner-text"
                style={Object {}}
              >
                It is all, nothing more ü§ê
              </span>
            </div>
          </div>
        </div>
      </div>
    </div>
  </div>
</div>
`;
