// Jest Snapshot v1, https://goo.gl/fbAQLP

exports[`TweetsList render empty TweetList to snapshot 1`] = `
<div
  className="ant-card ant-card-bordered w-80 overflow-auto break-inside-avoid-column mb-10 css-dev-only-do-not-override-diro6f"
>
  <div
    className="ant-card-body"
    style={Object {}}
  >
    <div
      className="infinite-scroll-component__outerdiv"
      style={Object {}}
    >
      <div
        className="infinite-scroll-component "
        style={
          Object {
            "WebkitOverflowScrolling": "touch",
            "height": "auto",
            "overflow": "auto",
          }
        }
      >
        <div
          className="ant-list ant-list-split css-dev-only-do-not-override-diro6f"
        >
          <div
            className="ant-spin-nested-loading css-dev-only-do-not-override-diro6f"
          >
            <div
              className="ant-spin-container"
            >
              <ul
                className="ant-list-items"
              >
                <li
                  className="ant-list-item"
                >
                  <a
                    className="w-full"
                    href="/tweet/2"
                    onClick={[Function]}
                  >
                    <div
                      className="ant-list-item-meta"
                    >
                      <div
                        className="ant-list-item-meta-avatar"
                      >
                        <span
                          className="ant-avatar ant-avatar-lg ant-avatar-circle ant-avatar-icon bg-slate-500 css-dev-only-do-not-override-diro6f"
                          style={Object {}}
                        >
                          <span
                            aria-label="user"
                            className="anticon anticon-user"
                            role="img"
                          >
                            <svg
                              aria-hidden="true"
                              data-icon="user"
                              fill="currentColor"
                              focusable="false"
                              height="1em"
                              viewBox="64 64 896 896"
                              width="1em"
                            >
                              <path
                                d="M858.5 763.6a374 374 0 00-80.6-119.5 375.63 375.63 0 00-119.5-80.6c-.4-.2-.8-.3-1.2-.5C719.5 518 760 444.7 760 362c0-137-111-248-248-248S264 225 264 362c0 82.7 40.5 156 102.8 201.1-.4.2-.8.3-1.2.5-44.8 18.9-85 46-119.5 80.6a375.63 375.63 0 00-80.6 119.5A371.7 371.7 0 00136 901.8a8 8 0 008 8.2h60c4.4 0 7.9-3.5 8-7.8 2-77.2 33-149.5 87.8-204.3 56.7-56.7 132-87.9 212.2-87.9s155.5 31.2 212.2 87.9C779 752.7 810 825 812 902.2c.1 4.4 3.6 7.8 8 7.8h60a8 8 0 008-8.2c-1-47.8-10.9-94.3-29.5-138.2zM512 534c-45.9 0-89.1-17.9-121.6-50.4S340 407.9 340 362c0-45.9 17.9-89.1 50.4-121.6S466.1 190 512 190s89.1 17.9 121.6 50.4S684 316.1 684 362c0 45.9-17.9 89.1-50.4 121.6S557.9 534 512 534z"
                              />
                            </svg>
                          </span>
                        </span>
                      </div>
                      <div
                        className="ant-list-item-meta-content"
                      >
                        <h4
                          className="ant-list-item-meta-title"
                        >
                          <div
                            className="select-none"
                          >
                            <span
                              className="first-name text-sm mr-1"
                            >
                              Li
                            </span>
                            <span
                              className="text-xs text-slate-400"
                            >
                              edited
                            </span>
                            <span
                              className="text-xs text-slate-500 float-right"
                            >
                              2 days ago
                            </span>
                          </div>
                        </h4>
                        <div
                          className="ant-list-item-meta-description"
                        >
                          <p
                            className="m-0 break-words text-sm"
                          >
                            ÊäΩÂàÄÊñ≠Ê∞¥Ê∞¥Êõ¥ÊµÅÔºå‰∏æÊùØÈîÄÊÑÅÊÑÅÊõ¥ÊÑÅ
                          </p>
                        </div>
                      </div>
                    </div>
                  </a>
                </li>
                <li
                  className="ant-list-item"
                >
                  <a
                    className="w-full"
                    href="/tweet/1"
                    onClick={[Function]}
                  >
                    <div
                      className="ant-list-item-meta"
                    >
                      <div
                        className="ant-list-item-meta-avatar"
                      >
                        <span
                          className="ant-avatar ant-avatar-lg ant-avatar-circle ant-avatar-icon bg-slate-500 css-dev-only-do-not-override-diro6f"
                          style={Object {}}
                        >
                          <span
                            aria-label="user"
                            className="anticon anticon-user"
                            role="img"
                          >
                            <svg
                              aria-hidden="true"
                              data-icon="user"
                              fill="currentColor"
                              focusable="false"
                              height="1em"
                              viewBox="64 64 896 896"
                              width="1em"
                            >
                              <path
                                d="M858.5 763.6a374 374 0 00-80.6-119.5 375.63 375.63 0 00-119.5-80.6c-.4-.2-.8-.3-1.2-.5C719.5 518 760 444.7 760 362c0-137-111-248-248-248S264 225 264 362c0 82.7 40.5 156 102.8 201.1-.4.2-.8.3-1.2.5-44.8 18.9-85 46-119.5 80.6a375.63 375.63 0 00-80.6 119.5A371.7 371.7 0 00136 901.8a8 8 0 008 8.2h60c4.4 0 7.9-3.5 8-7.8 2-77.2 33-149.5 87.8-204.3 56.7-56.7 132-87.9 212.2-87.9s155.5 31.2 212.2 87.9C779 752.7 810 825 812 902.2c.1 4.4 3.6 7.8 8 7.8h60a8 8 0 008-8.2c-1-47.8-10.9-94.3-29.5-138.2zM512 534c-45.9 0-89.1-17.9-121.6-50.4S340 407.9 340 362c0-45.9 17.9-89.1 50.4-121.6S466.1 190 512 190s89.1 17.9 121.6 50.4S684 316.1 684 362c0 45.9-17.9 89.1-50.4 121.6S557.9 534 512 534z"
                              />
                            </svg>
                          </span>
                        </span>
                      </div>
                      <div
                        className="ant-list-item-meta-content"
                      >
                        <h4
                          className="ant-list-item-meta-title"
                        >
                          <div
                            className="select-none"
                          >
                            <span
                              className="first-name text-sm mr-1"
                            >
                              Test
                            </span>
                            <span
                              className="text-xs text-slate-500 float-right"
                            >
                              4 days ago
                            </span>
                          </div>
                        </h4>
                        <div
                          className="ant-list-item-meta-description"
                        >
                          <p
                            className="m-0 break-words text-sm"
                          >
                            Hello, world!
                          </p>
                        </div>
                      </div>
                    </div>
                  </a>
                </li>
              </ul>
            </div>
          </div>
        </div>
        <div
          className="ant-divider css-dev-only-do-not-override-diro6f ant-divider-horizontal ant-divider-with-text ant-divider-with-text-center ant-divider-plain select-none"
          role="separator"
        >
          <span
            className="ant-divider-inner-text"
            style={Object {}}
          >
            It is all, nothing more ü§ê
          </span>
        </div>
      </div>
    </div>
  </div>
</div>
`;

exports[`TweetsList render non-empty TweetList to snapshot 1`] = `
<div
  className="ant-card ant-card-bordered w-80 overflow-auto break-inside-avoid-column mb-10 css-dev-only-do-not-override-diro6f"
>
  <div
    className="ant-card-body"
    style={Object {}}
  >
    <div
      className="infinite-scroll-component__outerdiv"
      style={Object {}}
    >
      <div
        className="infinite-scroll-component "
        style={
          Object {
            "WebkitOverflowScrolling": "touch",
            "height": "auto",
            "overflow": "auto",
          }
        }
      >
        <div
          className="ant-divider css-dev-only-do-not-override-diro6f ant-divider-horizontal ant-divider-with-text ant-divider-with-text-center ant-divider-plain select-none"
          role="separator"
        >
          <span
            className="ant-divider-inner-text"
            style={Object {}}
          >
            It is all, nothing more ü§ê
          </span>
        </div>
      </div>
    </div>
  </div>
</div>
`;
