// Jest Snapshot v1, https://goo.gl/fbAQLP

exports[`App render App to snapshot 1`] = `
<div
  className="app relative h-screen w-full min-w-min bg-blue-400 dark:bg-black text-black dark:text-white"
/>
`;
